[0m10:46:44.357045 [debug] [MainThread]: Sending event: {'category': 'dbt', 'action': 'invocation', 'label': 'start', 'context': [<snowplow_tracker.self_describing_json.SelfDescribingJson object at 0x000001E538ABD4C0>, <snowplow_tracker.self_describing_json.SelfDescribingJson object at 0x000001E5398FFCE0>, <snowplow_tracker.self_describing_json.SelfDescribingJson object at 0x000001E53829CEC0>]}


============================== 10:46:44.707925 | 006ad52f-79ad-4614-b8a2-a622956cc073 ==============================
[0m10:46:44.707925 [info ] [MainThread]: Running with dbt=1.11.11
[0m10:46:44.714831 [debug] [MainThread]: running dbt with arguments {'version_check': 'True', 'no_print': 'None', 'static_parser': 'True', 'target_path': 'None', 'warn_error_options': 'WarnErrorOptionsV2(error=[], warn=[], silence=[])', 'printer_width': '80', 'write_json': 'True', 'empty': 'None', 'log_cache_events': 'False', 'introspect': 'True', 'cache_selected_only': 'False', 'fail_fast': 'False', 'debug': 'False', 'log_format': 'default', 'profiles_dir': 'C:\\Users\\AlexMEDINATOBIAS\\.dbt', 'send_anonymous_usage_stats': 'True', 'quiet': 'False', 'warn_error': 'None', 'partial_parse': 'True', 'indirect_selection': 'eager', 'use_colors': 'True', 'invocation_command': 'dbt init dwh_delivery', 'use_experimental_parser': 'False', 'log_path': 'logs'}
[0m10:46:44.881415 [debug] [MainThread]: Starter project path: C:\Users\AlexMEDINATOBIAS\Documents\DBT\venv\Lib\site-packages\dbt\include\starter_project
[0m10:46:45.031590 [info ] [MainThread]: 
Your new dbt project "dwh_delivery" was created!

For more information on how to configure the profiles.yml file,
please consult the dbt documentation here:

  https://docs.getdbt.com/docs/configure-your-profile

One more thing:

Need help? Don't hesitate to reach out to us via GitHub issues or on Slack:

  https://community.getdbt.com/

Happy modeling!

[0m10:46:45.034706 [info ] [MainThread]: Setting up your profile.
[0m10:47:02.012422 [debug] [MainThread]: Snowflake adapter: Setting snowflake.connector to ERROR (file logging only)
[0m10:47:02.012422 [debug] [MainThread]: Snowflake adapter: Setting botocore to ERROR (file logging only)
[0m10:47:02.012422 [debug] [MainThread]: Snowflake adapter: Setting boto3 to ERROR (file logging only)
[0m10:51:35.293714 [info ] [MainThread]: Profile dwh_delivery written to C:\Users\AlexMEDINATOBIAS\.dbt\profiles.yml using target's profile_template.yml and your supplied values. Run 'dbt debug' to validate the connection.
[0m10:51:35.310804 [debug] [MainThread]: Command `dbt init` succeeded at 10:51:35.310804 after 291.61 seconds
[0m10:51:35.311846 [debug] [MainThread]: Sending event: {'category': 'dbt', 'action': 'invocation', 'label': 'end', 'context': [<snowplow_tracker.self_describing_json.SelfDescribingJson object at 0x000001E54BBA8BF0>, <snowplow_tracker.self_describing_json.SelfDescribingJson object at 0x000001E549F18BC0>, <snowplow_tracker.self_describing_json.SelfDescribingJson object at 0x000001E53829CEC0>]}
[0m10:51:35.312602 [debug] [MainThread]: Flushing usage events
[0m10:51:36.911264 [debug] [MainThread]: An error was encountered while trying to flush usage events
